// Jest Snapshot v1, https://goo.gl/fbAQLP

exports[`<Root /> should render properly 1`] = `<Root />`;
