// Jest Snapshot v1, https://goo.gl/fbAQLP

exports[`<ImageMarkup /> should render properly 1`] = `
ShallowWrapper {
  Symbol(enzyme.__root__): [Circular],
  Symbol(enzyme.__unrendered__): <ImageMarkup
    alt=""
    classes=""
    dataSrc=""
    dataSrcSet=""
    observeInDidUpdate={false}
    reference={
      Object {
        "current": <div />,
      }
    }
    src=""
  />,
  Symbol(enzyme.__renderer__): Object {
    "batchedUpdates": [Function],
    "checkPropTypes": [Function],
    "getNode": [Function],
    "render": [Function],
    "simulateError": [Function],
    "simulateEvent": [Function],
    "unmount": [Function],
  },
  Symbol(enzyme.__node__): Object {
    "instance": null,
    "key": undefined,
    "nodeType": "host",
    "props": Object {
      "alt": "",
      "className": "",
      "data-src": "",
      "data-srcset": "",
      "src": "iconmonstr-loading-17-32.png",
    },
    "ref": Object {
      "current": null,
    },
    "rendered": null,
    "type": "img",
  },
  Symbol(enzyme.__nodes__): Array [
    Object {
      "instance": null,
      "key": undefined,
      "nodeType": "host",
      "props": Object {
        "alt": "",
        "className": "",
        "data-src": "",
        "data-srcset": "",
        "src": "iconmonstr-loading-17-32.png",
      },
      "ref": Object {
        "current": null,
      },
      "rendered": null,
      "type": "img",
    },
  ],
  Symbol(enzyme.__options__): Object {
    "adapter": ReactSixteenAdapter {
      "options": Object {
        "enableComponentDidUpdateOnSetState": true,
        "legacyContextMode": "parent",
        "lifecycles": Object {
          "componentDidUpdate": Object {
            "onSetState": true,
          },
          "getChildContext": Object {
            "calledByRenderer": false,
          },
          "getDerivedStateFromError": true,
          "getDerivedStateFromProps": Object {
            "hasShouldComponentUpdateBug": false,
          },
          "getSnapshotBeforeUpdate": true,
          "setState": Object {
            "skipsComponentDidUpdateOnNullish": true,
          },
        },
      },
    },
    Symbol(enzyme.__providerValues__): undefined,
  },
  Symbol(enzyme.__providerValues__): Map {},
  Symbol(enzyme.__childContext__): null,
}
`;
